I'm sorry, but errors were detected in your script. Please correct the
errors listed below, and try again.


File "game/scenes/act1/overture.rpy", line 57: expected end of line
    play music <from 0 to 3>wii_startup
                     ^

Ren'Py Version: Ren'Py 8.4.1.25072401
Wed Sep 17 19:35:50 2025
